Information: Propagating switching activity (low effort zero delay simulation). (PWR-6)
Warning: Design has unannotated primary inputs. (PWR-414)
Warning: Design has unannotated sequential cell outputs. (PWR-415)
 
****************************************
Report : power
        -hier
        -analysis_effort low
Design : grid_io_bottomL_bottom
Version: Q-2019.12-SP4
--removed--
****************************************


Library(s) Used:

    scc40ulp_uhdc40_hvt_tt_v1p1_25c_basic (File: /eda/internal/alkaid_infra/pdk/s40/s40ulp/std_cell/SCC40ULP_UHDC40_HVT/V0p2/liberty/1.1v/scc40ulp_uhdc40_hvt_tt_v1p1_25c_basic.db)
    scc40ulp_uhdc40_rvt_tt_v1p1_25c_basic (File: /eda/internal/alkaid_infra/pdk/s40/s40ulp/std_cell/SCC40ULP_UHDC40_RVT_V0p2/liberty/1.1v/scc40ulp_uhdc40_rvt_tt_v1p1_25c_basic.db)


Operating Conditions: tt_v1p1_25c   Library: scc40ulp_uhdc40_hvt_tt_v1p1_25c_basic
Wire Load Model Mode: top


Global Operating Voltage = 1.1  
Power-specific unit information :
    Voltage Units = 1V
    Capacitance Units = 1.000000pf
    Time Units = 1ns
    Dynamic Power Units = 1mW    (derived from V,C,T units)
    Leakage Power Units = 1uW


--------------------------------------------------------------------------------
                                       Switch   Int      Leak     Total
Hierarchy                              Power    Power    Power    Power    %
--------------------------------------------------------------------------------
grid_io_bottomL_bottom                 6.56e-03 4.27e-02    0.120 4.93e-02 100.0
  grid_io_bottomL_bottom_config_group_mem_size140 (grid_io_bottomL_bottom_config_group_mem_size140)
                                       5.74e-03 3.93e-02 1.06e-02 4.50e-02  91.2
  logical_tile_io_po_mode_io_po__14 (grid_io_bottomL_bottom_logical_tile_io_po_mode_io_po_)
                                       4.13e-05 1.76e-04 7.25e-03 2.25e-04   0.5
    logical_tile_io_po_mode_io_po_physical_mode__po_pad_0_logical_tile_io_po_mode_io_po_physical_mode__po_pad_mode_po_pad_default_mode__p_io_scffo_p_io_scffo_0 (grid_io_bottomL_bottom_logical_tile_io_po_mode_io_po_physical_mode__po_pad_mode_po_pad_default_mode__p_io_scffo_p_io_scffo)
                                       4.13e-05 1.67e-04 6.91e-03 2.15e-04   0.4
  logical_tile_io_po_mode_io_po__13 (grid_io_bottomL_bottom_logical_tile_io_po_mode_io_po_)
                                       4.11e-05 1.76e-04 7.25e-03 2.24e-04   0.5
    logical_tile_io_po_mode_io_po_physical_mode__po_pad_0_logical_tile_io_po_mode_io_po_physical_mode__po_pad_mode_po_pad_default_mode__p_io_scffo_p_io_scffo_0 (grid_io_bottomL_bottom_logical_tile_io_po_mode_io_po_physical_mode__po_pad_mode_po_pad_default_mode__p_io_scffo_p_io_scffo)
                                       4.11e-05 1.66e-04 6.91e-03 2.14e-04   0.4
  logical_tile_io_po_mode_io_po__12 (grid_io_bottomL_bottom_logical_tile_io_po_mode_io_po_)
                                       4.18e-05 1.78e-04 7.26e-03 2.27e-04   0.5
    logical_tile_io_po_mode_io_po_physical_mode__po_pad_0_logical_tile_io_po_mode_io_po_physical_mode__po_pad_mode_po_pad_default_mode__p_io_scffo_p_io_scffo_0 (grid_io_bottomL_bottom_logical_tile_io_po_mode_io_po_physical_mode__po_pad_mode_po_pad_default_mode__p_io_scffo_p_io_scffo)
                                       4.18e-05 1.68e-04 6.92e-03 2.17e-04   0.4
  logical_tile_io_po_mode_io_po__11 (grid_io_bottomL_bottom_logical_tile_io_po_mode_io_po_)
                                       4.12e-05 1.76e-04 7.25e-03 2.24e-04   0.5
    logical_tile_io_po_mode_io_po_physical_mode__po_pad_0_logical_tile_io_po_mode_io_po_physical_mode__po_pad_mode_po_pad_default_mode__p_io_scffo_p_io_scffo_0 (grid_io_bottomL_bottom_logical_tile_io_po_mode_io_po_physical_mode__po_pad_mode_po_pad_default_mode__p_io_scffo_p_io_scffo)
                                       4.12e-05 1.66e-04 6.91e-03 2.14e-04   0.4
  logical_tile_io_po_mode_io_po__10 (grid_io_bottomL_bottom_logical_tile_io_po_mode_io_po_)
                                       4.17e-05 1.76e-04 7.25e-03 2.25e-04   0.5
    logical_tile_io_po_mode_io_po_physical_mode__po_pad_0_logical_tile_io_po_mode_io_po_physical_mode__po_pad_mode_po_pad_default_mode__p_io_scffo_p_io_scffo_0 (grid_io_bottomL_bottom_logical_tile_io_po_mode_io_po_physical_mode__po_pad_mode_po_pad_default_mode__p_io_scffo_p_io_scffo)
                                       4.17e-05 1.67e-04 6.91e-03 2.16e-04   0.4
  logical_tile_io_po_mode_io_po__9 (grid_io_bottomL_bottom_logical_tile_io_po_mode_io_po_)
                                       4.16e-05 1.76e-04 7.25e-03 2.25e-04   0.5
    logical_tile_io_po_mode_io_po_physical_mode__po_pad_0_logical_tile_io_po_mode_io_po_physical_mode__po_pad_mode_po_pad_default_mode__p_io_scffo_p_io_scffo_0 (grid_io_bottomL_bottom_logical_tile_io_po_mode_io_po_physical_mode__po_pad_mode_po_pad_default_mode__p_io_scffo_p_io_scffo)
                                       4.16e-05 1.67e-04 6.91e-03 2.15e-04   0.4
  logical_tile_io_po_mode_io_po__8 (grid_io_bottomL_bottom_logical_tile_io_po_mode_io_po_)
                                       4.16e-05 1.78e-04 7.26e-03 2.27e-04   0.5
    logical_tile_io_po_mode_io_po_physical_mode__po_pad_0_logical_tile_io_po_mode_io_po_physical_mode__po_pad_mode_po_pad_default_mode__p_io_scffo_p_io_scffo_0 (grid_io_bottomL_bottom_logical_tile_io_po_mode_io_po_physical_mode__po_pad_mode_po_pad_default_mode__p_io_scffo_p_io_scffo)
                                       4.16e-05 1.68e-04 6.92e-03 2.16e-04   0.4
  logical_tile_io_pi_mode_io_pi__7 (grid_io_bottomL_bottom_logical_tile_io_pi_mode_io_pi_)
                                       4.06e-05 1.72e-04 7.17e-03 2.20e-04   0.4
    logical_tile_io_pi_mode_io_pi_physical_mode__pi_pad_0_logical_tile_io_pi_mode_io_pi_physical_mode__pi_pad_mode_pi_pad_default_mode__p_io_scffi_p_io_scffi_0 (grid_io_bottomL_bottom_logical_tile_io_pi_mode_io_pi_physical_mode__pi_pad_mode_pi_pad_default_mode__p_io_scffi_p_io_scffi)
                                       4.06e-05 1.63e-04 6.83e-03 2.10e-04   0.4
  logical_tile_io_pi_mode_io_pi__6 (grid_io_bottomL_bottom_logical_tile_io_pi_mode_io_pi_)
                                       4.12e-05 1.76e-04 7.17e-03 2.24e-04   0.5
    logical_tile_io_pi_mode_io_pi_physical_mode__pi_pad_0_logical_tile_io_pi_mode_io_pi_physical_mode__pi_pad_mode_pi_pad_default_mode__p_io_scffi_p_io_scffi_0 (grid_io_bottomL_bottom_logical_tile_io_pi_mode_io_pi_physical_mode__pi_pad_mode_pi_pad_default_mode__p_io_scffi_p_io_scffi)
                                       4.12e-05 1.66e-04 6.83e-03 2.14e-04   0.4
  logical_tile_io_pi_mode_io_pi__5 (grid_io_bottomL_bottom_logical_tile_io_pi_mode_io_pi_)
                                       4.15e-05 1.76e-04 7.17e-03 2.25e-04   0.5
    logical_tile_io_pi_mode_io_pi_physical_mode__pi_pad_0_logical_tile_io_pi_mode_io_pi_physical_mode__pi_pad_mode_pi_pad_default_mode__p_io_scffi_p_io_scffi_0 (grid_io_bottomL_bottom_logical_tile_io_pi_mode_io_pi_physical_mode__pi_pad_mode_pi_pad_default_mode__p_io_scffi_p_io_scffi)
                                       4.15e-05 1.66e-04 6.83e-03 2.15e-04   0.4
  logical_tile_io_pi_mode_io_pi__4 (grid_io_bottomL_bottom_logical_tile_io_pi_mode_io_pi_)
                                       4.13e-05 1.75e-04 7.17e-03 2.24e-04   0.5
    logical_tile_io_pi_mode_io_pi_physical_mode__pi_pad_0_logical_tile_io_pi_mode_io_pi_physical_mode__pi_pad_mode_pi_pad_default_mode__p_io_scffi_p_io_scffi_0 (grid_io_bottomL_bottom_logical_tile_io_pi_mode_io_pi_physical_mode__pi_pad_mode_pi_pad_default_mode__p_io_scffi_p_io_scffi)
                                       4.13e-05 1.66e-04 6.83e-03 2.14e-04   0.4
  logical_tile_io_pi_mode_io_pi__3 (grid_io_bottomL_bottom_logical_tile_io_pi_mode_io_pi_)
                                       4.24e-05 1.78e-04 7.18e-03 2.28e-04   0.5
    logical_tile_io_pi_mode_io_pi_physical_mode__pi_pad_0_logical_tile_io_pi_mode_io_pi_physical_mode__pi_pad_mode_pi_pad_default_mode__p_io_scffi_p_io_scffi_0 (grid_io_bottomL_bottom_logical_tile_io_pi_mode_io_pi_physical_mode__pi_pad_mode_pi_pad_default_mode__p_io_scffi_p_io_scffi)
                                       4.23e-05 1.68e-04 6.84e-03 2.18e-04   0.4
  logical_tile_io_pi_mode_io_pi__2 (grid_io_bottomL_bottom_logical_tile_io_pi_mode_io_pi_)
                                       4.36e-05 1.83e-04 7.19e-03 2.33e-04   0.5
    logical_tile_io_pi_mode_io_pi_physical_mode__pi_pad_0_logical_tile_io_pi_mode_io_pi_physical_mode__pi_pad_mode_pi_pad_default_mode__p_io_scffi_p_io_scffi_0 (grid_io_bottomL_bottom_logical_tile_io_pi_mode_io_pi_physical_mode__pi_pad_mode_pi_pad_default_mode__p_io_scffi_p_io_scffi)
                                       4.36e-05 1.73e-04 6.85e-03 2.23e-04   0.5
  logical_tile_io_pi_mode_io_pi__1 (grid_io_bottomL_bottom_logical_tile_io_pi_mode_io_pi_)
                                       4.78e-05 1.95e-04 7.21e-03 2.50e-04   0.5
    logical_tile_io_pi_mode_io_pi_physical_mode__pi_pad_0_logical_tile_io_pi_mode_io_pi_physical_mode__pi_pad_mode_pi_pad_default_mode__p_io_scffi_p_io_scffi_0 (grid_io_bottomL_bottom_logical_tile_io_pi_mode_io_pi_physical_mode__pi_pad_mode_pi_pad_default_mode__p_io_scffi_p_io_scffi)
                                       4.76e-05 1.85e-04 6.87e-03 2.40e-04   0.5
  logical_tile_io_pi_pdc_ecb1_mode_io_pi_pdc_ecb1__0 (logical_tile_io_pi_pdc_ecb1_mode_io_pi_pdc_ecb1_)
                                       1.54e-04 4.01e-04 7.72e-03 5.62e-04   1.1
    logical_tile_io_pi_pdc_ecb1_mode_io_pi_pdc_ecb1_physical_mode__pi_pdc_ecb1_pad_0_logical_tile_io_pi_pdc_ecb1_mode_io_pi_pdc_ecb1_physical_mode__pi_pdc_ecb1_pad_mode_pi_pdc_ecb1_pad_default_mode__io_pi_pdc_ecb1_io_pi_pdc_ecb1_0_pinput_dchain_extmode_0_ (pinput_dchain_extmode)
                                       9.45e-05 1.69e-04 4.50e-04 2.64e-04   0.5
    logical_tile_io_pi_pdc_ecb1_mode_io_pi_pdc_ecb1_physical_mode__pi_pdc_ecb1_pad_0_logical_tile_io_pi_pdc_ecb1_mode_io_pi_pdc_ecb1_physical_mode__pi_pdc_ecb1_pad_mode_pi_pdc_ecb1_pad_default_mode__p_io_pdc_ecb1_scffi_p_io_pdc_ecb1_scffi_0 (logical_tile_io_pi_pdc_ecb1_mode_io_pi_pdc_ecb1_physical_mode__pi_pdc_ecb1_pad_mode_pi_pdc_ecb1_pad_default_mode__p_io_pdc_ecb1_scffi_p_io_pdc_ecb1_scffi)
                                       5.86e-05 2.21e-04 6.93e-03 2.86e-04   0.6
1
